[www.studio27hairsalon.com/index.html]
[backblue.gif]
[fade.gif]
[index.html]
[www.studio27hairsalon.com/feed/index.html]
[www.studio27hairsalon.com/wp-json/oembed/1.0/embeda15a.json]
[www.studio27hairsalon.com/wp-json/oembed/1.0/embedfaca]
[www.studio27hairsalon.com/comments/feed/index.html]
[www.studio27hairsalon.com/wp-content/themes/astra/assets/css/minified/main.minef5f.css]
[www.studio27hairsalon.com/wp-content/plugins/ht-mega-for-elementor/assets/css/htbbootstrap.min8571.css]
[www.studio27hairsalon.com/wp-content/plugins/elementor/assets/lib/font-awesome/css/font-awesome.min1849.css]
[www.studio27hairsalon.com/wp-content/plugins/ht-mega-for-elementor/assets/css/htmega-animation.min8571.css]
[www.studio27hairsalon.com/wp-content/plugins/ht-mega-for-elementor/assets/css/htmega-keyframes.min8571.css]
[www.studio27hairsalon.com/wp-content/plugins/ht-mega-for-elementor/assets/css/htmega-global-style.min8571.css]
[www.studio27hairsalon.com/wp-content/uploads/astra-addon/astra-addon-css.min9cba.css]
[www.studio27hairsalon.com/wp-content/plugins/elementor/assets/lib/eicons/css/elementor-icons.mindff9.css]
[www.studio27hairsalon.com/wp-content/plugins/elementor/assets/css/frontend.mincce7.css]
[www.studio27hairsalon.com/wp-content/uploads/elementor/css/post-84184.css]
[www.studio27hairsalon.com/wp-content/plugins/elementor/assets/css/widget-heading.mincce7.css]
[www.studio27hairsalon.com/wp-content/plugins/elementor/assets/css/widget-image.mincce7.css]
[www.studio27hairsalon.com/wp-content/plugins/elementor/assets/css/widget-divider.mincce7.css]
[www.studio27hairsalon.com/wp-content/plugins/elementor/assets/css/widget-rating.mincce7.css]
[www.studio27hairsalon.com/wp-content/uploads/elementor/css/post-64184.css]
[www.studio27hairsalon.com/wp-includes/js/jquery/jquery.minf43b.js]
[www.studio27hairsalon.com/wp-includes/js/jquery/jquery-migrate.min5589.js]
[www.studio27hairsalon.com/wp-json/wp/v2/pages/6.json]
[www.studio27hairsalon.com/wp-json/index.html]
[www.studio27hairsalon.com/wp-content/uploads/2026/01/studio-27-hair-salon-favicon-100x100.png]
[www.studio27hairsalon.com/indexc3db.html]
[www.studio27hairsalon.com/wp-content/uploads/2026/01/studio-27-hair-salon-favicon-300x300.png]
[www.studio27hairsalon.com/wp-content/uploads/2026/01/studio-27-hair-salon-extensions-everett-ma-logo-230x73.png]
[www.studio27hairsalon.com/wp-content/uploads/2026/01/studio-27-leave-out-sew-in-weave-everett-ma.webp]
[www.studio27hairsalon.com/about/index.html]
[www.studio27hairsalon.com/wp-content/uploads/2026/01/healthy-relaxer-sleek-bob-black-hair-salon-everett.webp]
[www.studio27hairsalon.com/the-journal/index.html]
[www.studio27hairsalon.com/services/index.html]
[www.studio27hairsalon.com/wp-content/uploads/2026/01/silk-press-natural-hair-volume-blowout-boston-1.webp]
[www.studio27hairsalon.com/contact/index.html]
[www.studio27hairsalon.com/wp-content/uploads/2026/01/blessing-master-stylist-studio-27-everett-ma.webp]
[www.studio27hairsalon.com/wp-content/uploads/2026/01/luxury-body-wave-hair-extensions-boston-danai-collection-.webp]
[www.studio27hairsalon.com/wp-content/plugins/wp-content-copy-protector/images/warning.png]
[www.studio27hairsalon.com/wp-content/themes/astra/assets/js/minified/frontend.minef5f.js]
[www.studio27hairsalon.com/wp-includes/js/dist/dom-ready.min5346.js]
[www.studio27hairsalon.com/wp-content/uploads/siteground-optimizer-assets/starter-templates-zip-preview.min7bf5.js]
[www.studio27hairsalon.com/wp-content/plugins/ht-mega-for-elementor/assets/js/popper.min8571.js]
[www.studio27hairsalon.com/wp-content/uploads/siteground-optimizer-assets/htbbootstrap.min8571.js]
[www.studio27hairsalon.com/wp-content/uploads/siteground-optimizer-assets/waypoints.min8571.js]
[www.studio27hairsalon.com/wp-content/plugins/ht-mega-for-elementor/assets/js/htmega-widgets-active.min8571.js]
[www.studio27hairsalon.com/wp-content/uploads/siteground-optimizer-assets/astra-addon-js.min9cba.js]
[www.studio27hairsalon.com/wp-content/plugins/astra-addon/assets/js/minified/purify.min9cba.js]
[www.studio27hairsalon.com/wp-content/plugins/elementor/assets/js/webpack.runtime.mincce7.js]
[www.studio27hairsalon.com/wp-content/plugins/elementor/assets/js/frontend-modules.mincce7.js]
[www.studio27hairsalon.com/wp-includes/js/jquery/ui/core.minb37e.js]
[www.studio27hairsalon.com/wp-content/plugins/elementor/assets/js/frontend.mincce7.js]
[www.studio27hairsalon.com/index.html]
[www.studio27hairsalon.com/wp-content/themes/astra/assets/css/minified/main.minef5f.css]
[www.studio27hairsalon.com/wp-content/plugins/ht-mega-for-elementor/assets/css/htbbootstrap.min8571.css]
[www.studio27hairsalon.com/wp-content/uploads/siteground-optimizer-assets/googlesitekit-events-provider-wpforms.min.js]
[www.studio27hairsalon.com/wp-content/plugins/elementor/assets/lib/font-awesome/fonts/fontawesome-webfont3e6e.eot]
[www.studio27hairsalon.com/wp-content/plugins/elementor/assets/lib/font-awesome/fonts/fontawesome-webfontd41d.eot]
[www.studio27hairsalon.com/wp-content/plugins/elementor/assets/lib/font-awesome/fonts/fontawesome-webfont3e6e.woff2]
[www.studio27hairsalon.com/wp-content/plugins/elementor/assets/lib/font-awesome/fonts/fontawesome-webfont3e6e.woff]
[www.studio27hairsalon.com/wp-content/plugins/elementor/assets/lib/font-awesome/fonts/fontawesome-webfont3e6e.ttf]
[www.studio27hairsalon.com/wp-content/plugins/elementor/assets/lib/font-awesome/css/font-awesome.min1849.css]
[www.studio27hairsalon.com/wp-content/plugins/ht-mega-for-elementor/assets/css/htmega-animation.min8571.css]
[www.studio27hairsalon.com/wp-content/plugins/ht-mega-for-elementor/assets/css/htmega-keyframes.min8571.css]
[www.studio27hairsalon.com/wp-content/plugins/elementor/assets/lib/font-awesome/fonts/fontawesome-webfont3e6e.svg]
[www.studio27hairsalon.com/wp-content/plugins/ht-mega-for-elementor/assets/images/pricing/pricing-ribon.png]
[www.studio27hairsalon.com/wp-content/plugins/ht-mega-for-elementor/assets/images/icons/line.svg]
[www.studio27hairsalon.com/wp-content/plugins/ht-mega-for-elementor/assets/css/img/others/business-shape.png]
[www.studio27hairsalon.com/wp-content/plugins/ht-mega-for-elementor/assets/css/img/bg/bg-image-40.jpg]
[www.studio27hairsalon.com/wp-content/plugins/ht-mega-for-elementor/assets/css/htmega-global-style.min8571.css]
[www.studio27hairsalon.com/wp-content/uploads/astra-addon/astra-addon-css.min9cba.css]
[www.studio27hairsalon.com/wp-content/plugins/elementor/assets/lib/eicons/fonts/eicons9930.eot]
[www.studio27hairsalon.com/wp-content/plugins/elementor/assets/lib/eicons/fonts/eicons9930.woff2]
[www.studio27hairsalon.com/wp-content/plugins/elementor/assets/lib/eicons/fonts/eicons9930.woff]
[www.studio27hairsalon.com/wp-content/plugins/elementor/assets/lib/eicons/fonts/eicons9930.ttf]
[www.studio27hairsalon.com/wp-content/plugins/elementor/assets/lib/eicons/css/elementor-icons.mindff9.css]
[www.studio27hairsalon.com/wp-content/plugins/elementor/assets/css/frontend.mincce7.css]
[www.studio27hairsalon.com/wp-content/uploads/elementor/css/post-84184.css]
[www.studio27hairsalon.com/wp-content/plugins/elementor/assets/css/widget-heading.mincce7.css]
[www.studio27hairsalon.com/wp-content/plugins/elementor/assets/css/widget-image.mincce7.css]
[www.studio27hairsalon.com/wp-content/plugins/elementor/assets/css/widget-divider.mincce7.css]
[www.studio27hairsalon.com/wp-content/plugins/elementor/assets/css/widget-rating.mincce7.css]
[www.studio27hairsalon.com/wp-content/plugins/elementor/assets/lib/eicons/fonts/eicons9930.svg]
[www.studio27hairsalon.com/wp-content/uploads/2026/01/studio-27-luxury-salon-body-wave-extensions-everett-ma-.webp]
[www.studio27hairsalon.com/wp-content/uploads/2026/01/takara-belmont-micro-mist-hair-treatment-studio-27.webp]
[www.studio27hairsalon.com/wp-content/uploads/elementor/css/post-64184.css]
[www.studio27hairsalon.com/wp-json/oembed/1.0/embed0fc7.json]
[www.studio27hairsalon.com/wp-json/oembed/1.0/embed965e]
[www.studio27hairsalon.com/wp-content/uploads/elementor/css/post-13044102e.css]
[www.studio27hairsalon.com/wp-json/wp/v2/pages/13044.json]
[www.studio27hairsalon.com/wp-content/uploads/2026/01/blessing-chitanda-owner-studio-27-black-hair-stylist-everett.webp]
[www.studio27hairsalon.com/index1013.html]
[www.studio27hairsalon.com/wp-content/uploads/2026/01/luxury-natural-hair-care-texture-studio-27-everett.webp]
[www.studio27hairsalon.com/about/index.html]
[www.studio27hairsalon.com/wp-json/oembed/1.0/embed03d8.json]
[www.studio27hairsalon.com/wp-json/oembed/1.0/embed3e0a]
[www.studio27hairsalon.com/wp-content/uploads/elementor/css/post-996fd58.css]
[www.studio27hairsalon.com/wp-json/wp/v2/pages/996.json]
[www.studio27hairsalon.com/wp-content/uploads/2026/01/studio-27-luxury-body-wave-black-blazer.webp]
[www.studio27hairsalon.com/wp-content/uploads/2026/01/studio-27-high-fashion-sculptural-afro-vogue.webp]
[www.studio27hairsalon.com/wp-content/uploads/2026/01/studio-27-glamor-waves-special-occasion-hair.webp]
[www.studio27hairsalon.com/wp-content/uploads/2026/01/studio-27-silk-press-natural-hair-beige-blazer.webp]
[www.studio27hairsalon.com/wp-content/uploads/2026/01/studio-27-kinky-straight-sew-in-leave-out-blend.webp]
[www.studio27hairsalon.com/wp-content/uploads/2026/01/studio-27-joyful-kinky-curly-natural-hair-definition.webp]
[www.studio27hairsalon.com/wp-content/uploads/2026/01/studio-27-kinky-straight-ponytail-sleek-edges.webp]
[www.studio27hairsalon.com/wp-content/uploads/2026/01/studio-27-deep-wave-wet-look-high-gloss-texture.webp]
[www.studio27hairsalon.com/wp-content/uploads/2026/01/studio-27-luxury-body-wave-rear-view-penthouse.webp]
[www.studio27hairsalon.com/wp-includes/js/imagesloaded.minbb93.js]
[www.studio27hairsalon.com/wp-includes/js/masonry.min3a05.js]
[www.studio27hairsalon.com/services/index.html]
[www.studio27hairsalon.com/wp-content/plugins/ht-mega-for-elementor/assets/js/isotope.pkgd.min8571.js]
[www.studio27hairsalon.com/wp-json/oembed/1.0/embed7181.json]
[www.studio27hairsalon.com/wp-json/oembed/1.0/embed626b]
[www.studio27hairsalon.com/wp-content/plugins/elementor/assets/css/widget-image-box.mincce7.css]
[www.studio27hairsalon.com/wp-content/plugins/elementor/assets/css/widget-icon-box.mincce7.css]
[www.studio27hairsalon.com/wp-content/plugins/elementor/assets/css/widget-google_maps.mincce7.css]
[www.studio27hairsalon.com/wp-content/uploads/elementor/css/post-13043112b.css]
[www.studio27hairsalon.com/wp-content/plugins/elementor/assets/lib/font-awesome/css/fontawesome.min52d5.css]
[www.studio27hairsalon.com/wp-content/plugins/elementor/assets/lib/font-awesome/css/solid.min52d5.css]
[www.studio27hairsalon.com/wp-json/wp/v2/pages/13043.json]
[www.studio27hairsalon.com/wp-content/plugins/wpforms-lite/assets/css/frontend/classic/wpforms-base.minb3b6.css]
[www.studio27hairsalon.com/wp-includes/js/underscore.min3ab8.js]
[www.studio27hairsalon.com/wp-includes/js/wp-util.minb34e.js]
[www.studio27hairsalon.com/wp-content/plugins/wpforms-lite/assets/js/frontend/wpforms.minb3b6.js]
[www.studio27hairsalon.com/wp-content/plugins/wpforms-lite/assets/js/integrations/elementor/frontend.minb3b6.js]
[www.studio27hairsalon.com/wp-content/plugins/wpforms-lite/assets/lib/jquery.validate.min3c17.js]
[www.studio27hairsalon.com/wp-content/plugins/wpforms-lite/assets/lib/mailcheck.mincfa9.js]
[www.studio27hairsalon.com/wp-content/plugins/wpforms-lite/assets/lib/punycode.min8a54.js]
[www.studio27hairsalon.com/wp-content/plugins/wpforms-lite/assets/js/share/utils.minb3b6.js]
[www.studio27hairsalon.com/contact/index.html]
[www.studio27hairsalon.com/wp-content/plugins/wpforms-lite/assets/js/frontend/fields/address.minb3b6.js]
[www.studio27hairsalon.com/wp-includes/css/dist/block-library/style.minb34e.css]
[www.studio27hairsalon.com/wp-content/uploads/2026/02/danai-cashmere-silk-press-texture-match-1024x683.webp]
[www.studio27hairsalon.com/danaihair-com-perfect-silk-press-blend/index.html]
[www.studio27hairsalon.com/author/shawn/index.html]
[www.studio27hairsalon.com/danaihair-com-luxury-body-wave-hair/index.html]
[www.studio27hairsalon.com/wp-content/uploads/2026/02/danai-muse-body-wave-high-density-bundles-1024x683.webp]
[www.studio27hairsalon.com/hair-talk/index.html]
[www.studio27hairsalon.com/wp-content/uploads/2026/02/luxury-hair-extensions-everett-studio-27-1024x683.webp]
[www.studio27hairsalon.com/the-journal/index.html]
[www.studio27hairsalon.com/wp-content/plugins/astra-addon/addons/nav-menu/assets/css/minified/magamenu-frontend.min9cba.css]
[www.studio27hairsalon.com/wp-content/plugins/elementor/assets/lib/font-awesome/fonts/fontawesome-webfont3e6e.svg]
[www.studio27hairsalon.com/wp-content/plugins/ht-mega-for-elementor/assets/images/icons/line.svg]
[www.studio27hairsalon.com/wp-content/plugins/ht-mega-for-elementor/assets/css/img/others/business-shape.html]
[www.studio27hairsalon.com/wp-content/plugins/ht-mega-for-elementor/assets/css/img/bg/bg-image-40.html]
[www.studio27hairsalon.com/wp-content/plugins/elementor/assets/lib/eicons/fonts/eicons9930.svg]
[www.studio27hairsalon.com/wp-content/uploads/elementor/css/post-13044102e.css]
[www.studio27hairsalon.com/indexaba1.html]
[www.studio27hairsalon.com/wp-content/uploads/elementor/css/post-996fd58.css]
[www.studio27hairsalon.com/index3fd6.html]
[www.studio27hairsalon.com/wp-content/plugins/elementor/assets/css/widget-image-box.mincce7.css]
[www.studio27hairsalon.com/wp-content/plugins/elementor/assets/css/widget-icon-box.mincce7.css]
[www.studio27hairsalon.com/wp-content/plugins/elementor/assets/css/widget-google_maps.mincce7.css]
[www.studio27hairsalon.com/wp-content/uploads/elementor/css/post-13043112b.css]
[www.studio27hairsalon.com/wp-content/plugins/elementor/assets/lib/font-awesome/css/fontawesome.min52d5.css]
[www.studio27hairsalon.com/why-i-finally-brought-danai-luxury-hair-to-studio-27/index.html]
[www.studio27hairsalon.com/wp-content/plugins/elementor/assets/lib/font-awesome/webfonts/fa-solid-900.eot]
[www.studio27hairsalon.com/wp-content/plugins/elementor/assets/lib/font-awesome/webfonts/fa-solid-900d41d.eot]
[www.studio27hairsalon.com/wp-content/plugins/elementor/assets/lib/font-awesome/webfonts/fa-solid-900.woff2]
[www.studio27hairsalon.com/wp-content/plugins/elementor/assets/lib/font-awesome/webfonts/fa-solid-900.woff]
[www.studio27hairsalon.com/wp-content/plugins/elementor/assets/lib/font-awesome/webfonts/fa-solid-900.ttf]
[www.studio27hairsalon.com/wp-content/plugins/elementor/assets/lib/font-awesome/css/solid.min52d5.css]
[www.studio27hairsalon.com/index99c3.html]
[www.studio27hairsalon.com/wp-content/plugins/elementor/assets/lib/font-awesome/webfonts/fa-solid-900.svg]
[www.studio27hairsalon.com/wp-content/plugins/wpforms-lite/assets/pro/images/times-solid-white.svg]
[www.studio27hairsalon.com/wp-content/plugins/wpforms-lite/assets/css/frontend/classic/wpforms-base.minb3b6.css]
[www.studio27hairsalon.com/wp-includes/css/dist/block-library/style.minb34e.css]
[www.studio27hairsalon.com/wp-json/oembed/1.0/embed60cf.json]
[www.studio27hairsalon.com/danaihair-com-perfect-silk-press-blend/feed/index.html]
[www.studio27hairsalon.com/wp-json/oembed/1.0/embedab62]
[www.studio27hairsalon.com/wp-includes/css/dashicons.minb34e.css]
[www.studio27hairsalon.com/wp-content/plugins/ht-mega-for-elementor/htmega-blocks/src/assets/css/htmega-block-common-style.min8571.css]
[www.studio27hairsalon.com/wp-content/plugins/ht-mega-for-elementor/assets/css/slick.min8571.css]
[www.studio27hairsalon.com/wp-content/plugins/ht-mega-for-elementor/admin/assets/extensions/ht-menu/css/font-awesome.min8571.css]
[www.studio27hairsalon.com/wp-content/plugins/ht-mega-for-elementor/htmega-blocks/build/htmega-block-style.min8571.css]
[www.studio27hairsalon.com/wp-json/wp/v2/posts/15637.json]
[www.studio27hairsalon.com/wp-content/plugins/ht-mega-for-elementor/assets/js/slick.min8571.js]
[www.studio27hairsalon.com/danaihair-com-perfect-silk-press-blend/index.html]
[www.studio27hairsalon.com/wp-content/uploads/siteground-optimizer-assets/htmega-block-main.min8571.js]
[www.studio27hairsalon.com/hair-talk/index.html]
[www.studio27hairsalon.com/wp-json/wp/v2/categories/253.json]
[www.studio27hairsalon.com/hair-talk/feed/index.html]
[www.studio27hairsalon.com/wp-json/wp/v2/users/2]
[www.studio27hairsalon.com/author/shawn/index.html]
[www.studio27hairsalon.com/author/shawn/feed/index.html]
[www.studio27hairsalon.com/wp-json/oembed/1.0/embedadfd.json]
[www.studio27hairsalon.com/danaihair-com-luxury-body-wave-hair/feed/index.html]
[www.studio27hairsalon.com/wp-json/oembed/1.0/embede66f]
[www.studio27hairsalon.com/danaihair-com-luxury-body-wave-hair/index.html]
[www.studio27hairsalon.com/wp-json/wp/v2/posts/15630.json]
[www.studio27hairsalon.com/wp-json/oembed/1.0/embedfc6e.json]
[www.studio27hairsalon.com/why-i-finally-brought-danai-luxury-hair-to-studio-27/feed/index.html]
[www.studio27hairsalon.com/wp-json/oembed/1.0/embedc343]
[www.studio27hairsalon.com/wp-json/wp/v2/posts/13029.json]
[www.studio27hairsalon.com/why-i-finally-brought-danai-luxury-hair-to-studio-27/index.html]
[www.studio27hairsalon.com/xmlrpc0db0.php]
[www.studio27hairsalon.com/wp-content/plugins/elementor/assets/lib/font-awesome/webfonts/fa-solid-900.svg]
[www.studio27hairsalon.com/wp-content/plugins/wpforms-lite/assets/pro/images/times-solid-white.html]
[www.studio27hairsalon.com/wp-includes/js/comment-reply.minb34e.js]
[www.studio27hairsalon.com/wp-includes/fonts/dashicons7d4b.eot]
[www.studio27hairsalon.com/wp-includes/css/dashicons.minb34e.css]
[www.studio27hairsalon.com/wp-content/plugins/ht-mega-for-elementor/htmega-blocks/src/assets/css/htmega-block-common-style.min8571.css]
[www.studio27hairsalon.com/wp-includes/fonts/dashicons7d4b.ttf]
[www.studio27hairsalon.com/wp-content/plugins/ht-mega-for-elementor/assets/images/ajax-loader.gif]
[www.studio27hairsalon.com/wp-content/plugins/ht-mega-for-elementor/assets/fonts/slick.eot]
[www.studio27hairsalon.com/wp-content/plugins/ht-mega-for-elementor/assets/fonts/slickd41d.eot]
[www.studio27hairsalon.com/wp-content/plugins/ht-mega-for-elementor/assets/fonts/slick.woff]
[www.studio27hairsalon.com/wp-content/plugins/ht-mega-for-elementor/assets/fonts/slick.ttf]
[www.studio27hairsalon.com/wp-content/plugins/ht-mega-for-elementor/assets/css/slick.min8571.css]
[www.studio27hairsalon.com/wp-content/plugins/ht-mega-for-elementor/assets/fonts/slick.svg]
[www.studio27hairsalon.com/wp-content/plugins/ht-mega-for-elementor/admin/assets/extensions/ht-menu/fonts/fontawesome-webfont3e6e.eot]
[www.studio27hairsalon.com/wp-content/plugins/ht-mega-for-elementor/admin/assets/extensions/ht-menu/fonts/fontawesome-webfontd41d.eot]
[www.studio27hairsalon.com/wp-content/plugins/ht-mega-for-elementor/admin/assets/extensions/ht-menu/fonts/fontawesome-webfont3e6e.woff2]
[www.studio27hairsalon.com/wp-content/plugins/ht-mega-for-elementor/admin/assets/extensions/ht-menu/fonts/fontawesome-webfont3e6e.woff]
[www.studio27hairsalon.com/wp-content/plugins/ht-mega-for-elementor/admin/assets/extensions/ht-menu/fonts/fontawesome-webfont3e6e.ttf]
[www.studio27hairsalon.com/wp-content/plugins/ht-mega-for-elementor/admin/assets/extensions/ht-menu/css/font-awesome.min8571.css]
[www.studio27hairsalon.com/wp-content/plugins/ht-mega-for-elementor/admin/assets/extensions/ht-menu/fonts/fontawesome-webfont3e6e.svg]
[www.studio27hairsalon.com/wp-content/plugins/ht-mega-for-elementor/htmega-blocks/build/images/call-to-action-style-3-bg.2a3704e3.png]
[www.studio27hairsalon.com/wp-content/plugins/ht-mega-for-elementor/htmega-blocks/build/images/call-to-action-style-5-bg.d87fa24e.jpg]
[www.studio27hairsalon.com/wp-content/plugins/ht-mega-for-elementor/htmega-blocks/build/htmega-block-style.min8571.css]
[www.studio27hairsalon.com/index3f03.html]
[www.studio27hairsalon.com/wp-json/wp/v2/users/2.json]
[www.studio27hairsalon.com/index0650.html]
[www.studio27hairsalon.com/indexb862.html]
[www.studio27hairsalon.com/wp-content/plugins/ht-mega-for-elementor/assets/fonts/slick.svg]
[www.studio27hairsalon.com/wp-content/plugins/ht-mega-for-elementor/admin/assets/extensions/ht-menu/fonts/fontawesome-webfont3e6e.svg]
[www.studio27hairsalon.com/xmlrpc.php]
